12
sizeof FileId is 12
sizeof file3.ident is 4
13
